// Jest Snapshot v1, https://goo.gl/fbAQLP

exports[`ECDSAPublicKey Tests DER encoding of ECDSA keys 1`] = `
Uint8Array [
  48,
  89,
  48,
  19,
  6,
  7,
  42,
  134,
  72,
  206,
  61,
  2,
  1,
  6,
  8,
  42,
  134,
  72,
  206,
  61,
  3,
  1,
  7,
  3,
  66,
  0,
  4,
  232,
  132,
  250,
  71,
  149,
  143,
  26,
  7,
  54,
  180,
  38,
  97,
  37,
  178,
  242,
  215,
  164,
  197,
  150,
  52,
  138,
  248,
  115,
  40,
  228,
  30,
  216,
  62,
  78,
  39,
  223,
  224,
  77,
  66,
  68,
  230,
  108,
  162,
  111,
  78,
  42,
  99,
  27,
  201,
  152,
  207,
  139,
  189,
  138,
  252,
  87,
  45,
  79,
  198,
  11,
  149,
  229,
  228,
  125,
  25,
  15,
  69,
  130,
  229,
]
`;

exports[`ECDSAPublicKey Tests can generate a public key 1`] = `
Array [
  "rawKey",
  "derKey",
  "jwk",
  "algorithm",
  "type",
  "usages",
]
`;

exports[`ECDSAPublicKey Tests create from an existing public key 1`] = `
ECDSAPublicKey {
  "algorithm": Object {
    "name": "ECDSA",
    "namedCurve": "P-256",
  },
  "derKey": ArrayBuffer [],
  "jwk": Object {
    "crv": "P-256",
    "ext": true,
    "key_ops": Array [],
    "kty": "EC",
    "x": "6IT6R5WPGgc2tCZhJbLy16TFljSK-HMo5B7YPk4n3-A",
    "y": "TUJE5myib04qYxvJmM-LvYr8Vy1PxguV5eR9GQ9FguU",
  },
  "rawKey": ArrayBuffer [],
  "type": "public",
  "usages": Array [],
}
`;

exports[`ECDSAPublicKey Tests should resolve the same key from a DER-encoded format as from JWK 1`] = `
Uint8Array [
  48,
  89,
  48,
  19,
  6,
  7,
  42,
  134,
  72,
  206,
  61,
  2,
  1,
  6,
  8,
  42,
  134,
  72,
  206,
  61,
  3,
  1,
  7,
  3,
  66,
  0,
  4,
  232,
  132,
  250,
  71,
  149,
  143,
  26,
  7,
  54,
  180,
  38,
  97,
  37,
  178,
  242,
  215,
  164,
  197,
  150,
  52,
  138,
  248,
  115,
  40,
  228,
  30,
  216,
  62,
  78,
  39,
  223,
  224,
  77,
  66,
  68,
  230,
  108,
  162,
  111,
  78,
  42,
  99,
  27,
  201,
  152,
  207,
  139,
  189,
  138,
  252,
  87,
  45,
  79,
  198,
  11,
  149,
  229,
  228,
  125,
  25,
  15,
  69,
  130,
  229,
]
`;
