// Jest Snapshot v1, https://goo.gl/fbAQLP

exports[`makeActor should enrich actor interface with httpDetails 2`] = `
{
  "body": null,
  "headers": [],
  "ok": true,
  "requestDetails": {
    "arg": Uint8Array [
      68,
      73,
      68,
      76,
      0,
      1,
      113,
      4,
      116,
      101,
      115,
      116,
    ],
    "canister_id": {
      "__principal__": "2chl6-4hpzw-vqaaa-aaaaa-c",
    },
    "ingress_expiry": Expiry {
      "_value": 1200000000000n,
    },
    "method_name": "greet_update",
    "nonce": Uint8Array [],
    "request_type": "call",
    "sender": {
      "__principal__": "2vxsx-fae",
    },
  },
  "status": 202,
  "statusText": "accepted",
}
`;
