// Jest Snapshot v1, https://goo.gl/fbAQLP

exports[`Canister Status utility should query canister controllers 1`] = `
Array [
  Principal {
    "_arr": Uint8Array [
      0,
      0,
      0,
      0,
      0,
      0,
      0,
      0,
      1,
      1,
    ],
    "_isPrincipal": true,
  },
]
`;

exports[`Canister Status utility should query canister module hash 1`] = `"896f6c079f96bc3cbef782af1ab1b52847f04700ff916eb49425566995a9a064"`;

exports[`Canister Status utility should query the candid interface 1`] = `
"type Example = text;
service : {
  greet: (Example) -> (text) query;
}
"
`;

exports[`Canister Status utility should query the time 1`] = `2022-05-19T20:58:22.596Z`;

exports[`Canister Status utility should support multiple requests 1`] = `2022-05-19T20:58:22.596Z`;

exports[`Canister Status utility should support multiple requests 2`] = `
Array [
  Principal {
    "_arr": Uint8Array [
      0,
      0,
      0,
      0,
      0,
      0,
      0,
      0,
      1,
      1,
    ],
    "_isPrincipal": true,
  },
]
`;

exports[`Canister Status utility should support multiple requests with a failure 1`] = `2022-05-19T20:58:22.596Z`;

exports[`Canister Status utility should support valid custom paths 1`] = `1652993902596160000n`;

exports[`Canister Status utility should support valid custom paths 2`] = `ArrayBuffer []`;

exports[`Canister Status utility should support valid custom paths 3`] = `
"type Example = text;
service : {
  greet: (Example) -> (text) query;
}
"
`;

exports[`Canister Status utility should support valid custom paths 4`] = `"80f485e1a4a6a7f816"`;

exports[`Canister Status utility should support valid custom paths 5`] = `
Array [
  Uint8Array [
    4,
  ],
  Uint8Array [
    0,
    0,
    0,
    0,
    0,
    0,
    0,
    0,
    1,
    1,
  ],
]
`;

exports[`Canister Status utility should support valid metadata queries 1`] = `"74797065204578616d706c65203d20746578743b0a73657276696365203a207b0a202067726565743a20284578616d706c6529202d3e202874657874292071756572793b0a7d0a"`;

exports[`Canister Status utility should support valid metadata queries 2`] = `"74797065204578616d706c65203d20746578743b0a73657276696365203a207b0a202067726565743a20284578616d706c6529202d3e202874657874292071756572793b0a7d0a"`;
