// Jest Snapshot v1, https://goo.gl/fbAQLP

exports[`indexeddb wrapper should support storing a CryptoKeyPair 1`] = `
{
  "privateKey": {
    "algorithm": {
      "hash": {
        "name": "SHA-256",
      },
      "modulusLength": 2048,
      "name": "RSA-OAEP",
      "publicExponent": Uint8Array [
        1,
        0,
        1,
      ],
    },
    "extractable": true,
    "type": "private",
    "usages": [
      "decrypt",
    ],
  },
  "publicKey": {
    "algorithm": {
      "hash": {
        "name": "SHA-256",
      },
      "modulusLength": 2048,
      "name": "RSA-OAEP",
      "publicExponent": Uint8Array [
        1,
        0,
        1,
      ],
    },
    "extractable": true,
    "type": "public",
    "usages": [
      "encrypt",
    ],
  },
}
`;
