// Jest Snapshot v1, https://goo.gl/fbAQLP

exports[`Migration from Ed25519Key should continue using an existing Ed25519Key and delegation 1`] = `
DelegationIdentity {
  "_delegation": Object {
    "delegations": Array [
      Object {
        "delegation": Object {
          "expiration": "15e6375edc280000",
          "pubkey": "302a300506032b6570032100d1fa89134802051c8b5d4e53c08b87381b87097bca4c4f348611eb8ce6c91809",
        },
        "signature": "4e1365d5be0d4d0991088894ec850b6b1ffe7f1f00e53d82d6687f1aa8365f42129c2fee35f2f9d41c5749534b81017000c1a93095e406ff0ada03ed864d000a",
      },
    ],
    "publicKey": "302a300506032b6570032100d1fa89134802051c8b5d4e53c08b87381b87097bca4c4f348611eb8ce6c91809",
  },
  "_inner": Array [
    "302a300506032b6570032100d1fa89134802051c8b5d4e53c08b87381b87097bca4c4f348611eb8ce6c91809",
    "4bbff6b476463558d7be318aa342d1a97778d70833038680187950e9e02486c0d1fa89134802051c8b5d4e53c08b87381b87097bca4c4f348611eb8ce6c91809",
  ],
}
`;

exports[`Migration from Ed25519Key should generate and store a ECDSAKey if no key is stored and keyType is set to Ed25519 1`] = `"[\\"302a300506032b6570032100d1fa89134802051c8b5d4e53c08b87381b87097bca4c4f348611eb8ce6c91809\\",\\"4bbff6b476463558d7be318aa342d1a97778d70833038680187950e9e02486c0d1fa89134802051c8b5d4e53c08b87381b87097bca4c4f348611eb8ce6c91809\\"]"`;
