// Jest Snapshot v1, https://goo.gl/fbAQLP

exports[`calculateReplicaTime 1`] = `2024-08-13T22:49:30.148Z`;
