// Jest Snapshot v1, https://goo.gl/fbAQLP

exports[`Secp256k1PublicKey Tests create from an existing public key 1`] = `
Secp256k1PublicKey {
  "derKey": ArrayBuffer [],
  "rawKey": Uint8Array [
    4,
    1,
    236,
    3,
    10,
    205,
    125,
    17,
    153,
    247,
    58,
    227,
    70,
    147,
    41,
    193,
    20,
    148,
    78,
    6,
    147,
    200,
    149,
    2,
    248,
    80,
    188,
    198,
    186,
    211,
    151,
    165,
    149,
    103,
    103,
    199,
    155,
    65,
    12,
    41,
    172,
    111,
    88,
    126,
    236,
    132,
    135,
    128,
    32,
    253,
    181,
    75,
    160,
    2,
    167,
    155,
    2,
    170,
    21,
    63,
    228,
    123,
    111,
    253,
    51,
  ],
}
`;

exports[`Secp256k1PublicKey Tests create from an existing public key 2`] = `
Secp256k1PublicKey {
  "derKey": ArrayBuffer [],
  "rawKey": Uint8Array [
    4,
    235,
    60,
    188,
    129,
    189,
    250,
    29,
    19,
    196,
    16,
    21,
    19,
    8,
    180,
    172,
    101,
    204,
    50,
    134,
    32,
    227,
    104,
    254,
    83,
    2,
    226,
    207,
    44,
    183,
    23,
    81,
    50,
    153,
    157,
    194,
    175,
    255,
    135,
    26,
    104,
    175,
    214,
    109,
    118,
    221,
    156,
    124,
    57,
    17,
    116,
    142,
    142,
    84,
    238,
    47,
    183,
    29,
    241,
    169,
    123,
    180,
    129,
    28,
    140,
  ],
}
`;

exports[`Secp256k1PublicKey Tests create from an existing public key 3`] = `
Secp256k1PublicKey {
  "derKey": ArrayBuffer [],
  "rawKey": Uint8Array [
    4,
    253,
    172,
    9,
    234,
    147,
    161,
    185,
    183,
    68,
    181,
    241,
    159,
    9,
    26,
    218,
    121,
    120,
    206,
    178,
    240,
    69,
    135,
    91,
    202,
    142,
    249,
    183,
    95,
    168,
    6,
    23,
    4,
    231,
    109,
    224,
    35,
    198,
    162,
    61,
    119,
    161,
    24,
    197,
    200,
    208,
    245,
    239,
    175,
    13,
    187,
    252,
    195,
    112,
    45,
    85,
    144,
    96,
    71,
    23,
    246,
    57,
    246,
    240,
    13,
  ],
}
`;
